--- TESTING HISTORY SYNC ---
Attempting to authenticate with Artacom API at: https://billingftth.my.id/api/auth/token
Trying auth with payload: ["username","password"]
Auth attempt returned status: 200
Auth response data: {
  access_token: 'eyJhbGciOiJIUzI1NiIsInR5cCI6IkpXVCJ9.eyJzdWIiOiIxIiwiZW1haWwiOiJhaG1hZEBham51c2EuY29tIiwiZXhwIjoxNzcwNTQ3Njc0LCJpYXQiOjE3NzA1NDU4NzR9.0WIpi9-GguZfY7M-4I5Us-MeoQbqN88EKMcRYm7SF5w',
  refresh_token: 'eyJhbGciOiJIUzI1NiIsInR5cCI6IkpXVCJ9.eyJzdWIiOiIxIiwiZW1haWwiOiJhaG1hZEBham51c2EuY29tIiwidHlwZSI6InJlZnJlc2giLCJleHAiOjE3NzExNTA2NzQsImlhdCI6MTc3MDU0NTg3NCwianRpIjoiMDJjZGUyMTMtM2E0Yi00MDljLWI2MTMtODVmMmJlZTcxYjY5In0.JnYiTDLl21au4Njyo2sChPW9q9hqefRWxwSn4dKYKe8',
  token_type: 'bearer',
  expires_in: 1800
}
Authentication successful with token
Fetching all histories from: https://billingftth.my.id/api/inventory/history/all
Fetched 77 history records.
First history record: {
  "id": 62,
  "item_id": 125,
  "action": "Imported item - SN: RTEGC60ADBA4, Type ID: 2, Location: GUDANG",
  "timestamp": "2026-02-06T10:58:06",
  "serial_number": "RTEGC60ADBA4",
  "mac_address": "70:2E:22:0A:8A:36",
  "user": {
    "id": 22,
    "name": "Ade Irwansyah"
  }
}
Found 1 matches for SN: RTEGC60A7581
First match details: {
  "id": 77,
  "item_id": 140,
  "action": "Imported item - SN: RTEGC60A7581, Type ID: 2, Location: GUDANG",
  "timestamp": "2026-02-06T10:58:06",
  "serial_number": "RTEGC60A7581",
  "mac_address": "70:2E:22:0A:64:E4",
  "user": {
    "id": 22,
    "name": "Ade Irwansyah"
  }
}
Running syncHistoriesToDatabase()...
Syncing item histories from Artacom...
Fetching all histories from: https://billingftth.my.id/api/inventory/history/all
Processing 77 history records from Artacom...
prisma:query SELECT `inventory_saas`.`itemdetail`.`id`, `inventory_saas`.`itemdetail`.`productId`, `inventory_saas`.`itemdetail`.`serialNumber`, `inventory_saas`.`itemdetail`.`macAddress`, `inventory_saas`.`itemdetail`.`status`, `inventory_saas`.`itemdetail`.`lastKnownLat`, `inventory_saas`.`itemdetail`.`lastKnownLng`, `inventory_saas`.`itemdetail`.`notes`, `inventory_saas`.`itemdetail`.`createdAt`, `inventory_saas`.`itemdetail`.`updatedAt`, `inventory_saas`.`itemdetail`.`purchaseDate` FROM `inventory_saas`.`itemdetail` WHERE `inventory_saas`.`itemdetail`.`serialNumber` = ? LIMIT ? OFFSET ?
Match found! SN: RTEGC60ADBA4 -> Local ID: 841d27e0-b2d4-4f83-a2cc-6ac6683cff4c
prisma:query SELECT `inventory_saas`.`itemhistory`.`id`, `inventory_saas`.`itemhistory`.`itemId`, `inventory_saas`.`itemhistory`.`action`, `inventory_saas`.`itemhistory`.`oldValue`, `inventory_saas`.`itemhistory`.`newValue`, `inventory_saas`.`itemhistory`.`field`, `inventory_saas`.`itemhistory`.`notes`, `inventory_saas`.`itemhistory`.`userId`, `inventory_saas`.`itemhistory`.`ipAddress`, `inventory_saas`.`itemhistory`.`userAgent`, `inventory_saas`.`itemhistory`.`createdAt` FROM `inventory_saas`.`itemhistory` WHERE (`inventory_saas`.`itemhistory`.`itemId` = ? AND `inventory_saas`.`itemhistory`.`action` = ? AND `inventory_saas`.`itemhistory`.`notes` = ?) LIMIT ? OFFSET ?
prisma:error 
Invalid `prisma.itemhistory.create()` invocation:

{
  data: {
    id: "HST-ARTA-1770545875238-ky9fc",
    itemId: "841d27e0-b2d4-4f83-a2cc-6ac6683cff4c",
    action: "CREATE",
    notes: "Imported item - SN: RTEGC60ADBA4, Type ID: 2, Location: GUDANG",
    metadata: "{\"artacomUser\":\"Ade Irwansyah\",\"artacomData\":{\"id\":62,\"item_id\":125,\"action\":\"Imported item - SN: RTEGC60ADBA4, Type ID: 2, Location: GUDANG\",\"timestamp\":\"2026-02-06T10:58:06\",\"serial_number\":\"RTEGC60ADBA4\",\"mac_address\":\"70:2E:22:0A:8A:36\",\"user\":{\"id\":22,\"name\":\"Ade Irwansyah\"}}}",
    ~~~~~~~~
    createdAt: new Date("2026-02-06T03:58:06.000Z"),
?   oldValue?: String | Null,
?   newValue?: String | Null,
?   field?: String | Null,
?   userId?: String | Null,
?   ipAddress?: String | Null,
?   userAgent?: String | Null
  }
}

Unknown argument `metadata`. Available options are marked with ?.
Done.
node : Failed to sync histories: 
At line:1 char:1
+ node test-history-sync.js > 
test_output.log 2>&1; Get-Content test_ou 
...
+ ~~~~~~~~~~~~~~~~~~~~~~~~~~~~~~~~~~~~~~~~~
~~~~~~~
    + CategoryInfo          : NotSpecified 
   : (Failed to sync histories: :String)   
  [], RemoteException
    + FullyQualifiedErrorId : NativeComman 
   dError
 
Invalid `prisma.itemhistory.create()` 
invocation:

{
  data: {
    id: "HST-ARTA-1770545875238-ky9fc",
    itemId: 
"841d27e0-b2d4-4f83-a2cc-6ac6683cff4c",
    action: "CREATE",
    notes: "Imported item - SN: 
RTEGC60ADBA4, Type ID: 2, Location: 
GUDANG",
    metadata: "{\"artacomUser\":\"Ade Irwan
syah\",\"artacomData\":{\"id\":62,\"item_id
\":125,\"action\":\"Imported item - SN: 
RTEGC60ADBA4, Type ID: 2, Location: GUDANG\
",\"timestamp\":\"2026-02-06T10:58:06\",\"s
erial_number\":\"RTEGC60ADBA4\",\"mac_addre
ss\":\"70:2E:22:0A:8A:36\",\"user\":{\"id\"
:22,\"name\":\"Ade Irwansyah\"}}}",
    ~~~~~~~~
    createdAt: new 
Date("2026-02-06T03:58:06.000Z"),
?   oldValue?: String | Null,
?   newValue?: String | Null,
?   field?: String | Null,
?   userId?: String | Null,
?   ipAddress?: String | Null,
?   userAgent?: String | Null
  }
}

Unknown argument `metadata`. Available 
options are marked with ?.
